// Jest Snapshot v1, https://goo.gl/fbAQLP

exports[`components DayQuote should render self and subcomponents 1`] = `ShallowWrapper {}`;
